test_already_missed_start_is_reported_not_not_due (trading_mvp.tests.test_premarket_depth_dispatch.DispatchTests.test_already_missed_start_is_reported_not_not_due) ... ok
test_bad_response_blocks_complete_scan_and_later_requests (trading_mvp.tests.test_premarket_depth_dispatch.DispatchTests.test_bad_response_blocks_complete_scan_and_later_requests) ... ok
test_bad_settlement_keeps_reservation (trading_mvp.tests.test_premarket_depth_dispatch.DispatchTests.test_bad_settlement_keeps_reservation) ... ok
test_batch_is_immutable_and_hash_bound_to_exact_scan (trading_mvp.tests.test_premarket_depth_dispatch.DispatchTests.test_batch_is_immutable_and_hash_bound_to_exact_scan) ... ok
test_budget_refusal_stops_coordinator_without_busy_loop (trading_mvp.tests.test_premarket_depth_dispatch.DispatchTests.test_budget_refusal_stops_coordinator_without_busy_loop) ... ok
test_changed_report_same_event_count_rejected (trading_mvp.tests.test_premarket_depth_dispatch.DispatchTests.test_changed_report_same_event_count_rejected) ... ok
test_combined_request_budget_independent_of_per_kind (trading_mvp.tests.test_premarket_depth_dispatch.DispatchTests.test_combined_request_budget_independent_of_per_kind) ... ok
test_concurrent_reservations_allow_only_one_pending_request (trading_mvp.tests.test_premarket_depth_dispatch.DispatchTests.test_concurrent_reservations_allow_only_one_pending_request) ... ok
test_corrupted_source_report_same_hash_cannot_be_consumed (trading_mvp.tests.test_premarket_depth_dispatch.DispatchTests.test_corrupted_source_report_same_hash_cannot_be_consumed) ... ok
test_create_exclusive_and_binding (trading_mvp.tests.test_premarket_depth_dispatch.DispatchTests.test_create_exclusive_and_binding) ... ok
premarket_depth_fixture_b23a703c6fc1d3b1: requests=1 errors=1 bytes=0 event=AAA/perp
test_failed_book_request_stops_after_one_and_keeps_reserved_bytes (trading_mvp.tests.test_premarket_depth_dispatch.DispatchTests.test_failed_book_request_stops_after_one_and_keeps_reserved_bytes) ... ok
test_first_pilot_budget_reserved_and_no_second_pilot (trading_mvp.tests.test_premarket_depth_dispatch.DispatchTests.test_first_pilot_budget_reserved_and_no_second_pilot) ... ok
test_foreign_writer_blocks_scan_before_budget_or_requests (trading_mvp.tests.test_premarket_depth_dispatch.DispatchTests.test_foreign_writer_blocks_scan_before_budget_or_requests) ... ok
test_hash_tampering_is_rejected (trading_mvp.tests.test_premarket_depth_dispatch.DispatchTests.test_hash_tampering_is_rejected) ... ok
test_http_and_body_caps (trading_mvp.tests.test_premarket_depth_dispatch.DispatchTests.test_http_and_body_caps) ... ok
test_immutable_refreeze_and_preflight_no_output (trading_mvp.tests.test_premarket_depth_dispatch.DispatchTests.test_immutable_refreeze_and_preflight_no_output) ... ok
test_invalid_or_duplicate_candidates_block (trading_mvp.tests.test_premarket_depth_dispatch.DispatchTests.test_invalid_or_duplicate_candidates_block) ... ok
test_not_due_stale_and_moved_schedule (trading_mvp.tests.test_premarket_depth_dispatch.DispatchTests.test_not_due_stale_and_moved_schedule) ... ok
test_output_budget_refuses_scan_before_request (trading_mvp.tests.test_premarket_depth_dispatch.DispatchTests.test_output_budget_refuses_scan_before_request) ... ok
test_overlap_with_future_event_cannot_be_silently_skipped (trading_mvp.tests.test_premarket_depth_dispatch.DispatchTests.test_overlap_with_future_event_cannot_be_silently_skipped) ... ok
test_receipt_is_sanitized_not_copied_wholesale (trading_mvp.tests.test_premarket_depth_dispatch.DispatchTests.test_receipt_is_sanitized_not_copied_wholesale) ... ok
test_request_reservation_survives_reopen_and_blocks_blind_retry (trading_mvp.tests.test_premarket_depth_dispatch.DispatchTests.test_request_reservation_survives_reopen_and_blocks_blind_retry) ... ok
test_review_boundary_prevents_start_of_unfinishable_window (trading_mvp.tests.test_premarket_depth_dispatch.DispatchTests.test_review_boundary_prevents_start_of_unfinishable_window) ... ok
test_scan_duration_exceeded_is_not_complete (trading_mvp.tests.test_premarket_depth_dispatch.DispatchTests.test_scan_duration_exceeded_is_not_complete) ... ok
test_scan_spacing_review_and_deadline (trading_mvp.tests.test_premarket_depth_dispatch.DispatchTests.test_scan_spacing_review_and_deadline) ... ok
premarket_depth_fixture_1c4e5d30ab99a828: requests=1 errors=0 bytes=10 event=AAA/perp
premarket_depth_fixture_1c4e5d30ab99a828: requests=2 errors=0 bytes=20 event=AAA/perp
premarket_depth_fixture_1c4e5d30ab99a828: requests=3 errors=0 bytes=30 event=AAA/spot
premarket_depth_fixture_1c4e5d30ab99a828: requests=4 errors=0 bytes=40 event=AAA/perp
premarket_depth_fixture_1c4e5d30ab99a828: requests=5 errors=0 bytes=50 event=AAA/spot
test_scan_to_coordinator_end_to_end_uses_temporary_outputs (trading_mvp.tests.test_premarket_depth_dispatch.DispatchTests.test_scan_to_coordinator_end_to_end_uses_temporary_outputs) ... ok
test_scan_uses_four_sources_one_claim_and_never_spawn (trading_mvp.tests.test_premarket_depth_dispatch.DispatchTests.test_scan_uses_four_sources_one_claim_and_never_spawn) ... ok
test_settlement_releases_only_unused_bytes_and_no_retry (trading_mvp.tests.test_premarket_depth_dispatch.DispatchTests.test_settlement_releases_only_unused_bytes_and_no_retry) ... ok
test_three_simultaneous_events_are_not_silently_filtered (trading_mvp.tests.test_premarket_depth_dispatch.DispatchTests.test_three_simultaneous_events_are_not_silently_filtered) ... ok
test_two_events_selected_without_return_data (trading_mvp.tests.test_premarket_depth_dispatch.DispatchTests.test_two_events_selected_without_return_data) ... ok
synthetic: requests=1 errors=0 bytes=100 event=AAA/perp
synthetic: requests=2 errors=0 bytes=150 event=BBB/perp
test_byte_budget_passed_to_transport_and_never_exceeded (trading_mvp.tests.test_premarket_depth_coordinator.CoordinatorTests.test_byte_budget_passed_to_transport_and_never_exceeded) ... ok
synthetic: requests=1 errors=0 bytes=100 event=AAA/perp
synthetic: requests=2 errors=0 bytes=200 event=BBB/perp
synthetic: requests=3 errors=0 bytes=300 event=AAA/perp
synthetic: requests=4 errors=0 bytes=400 event=BBB/perp
synthetic: requests=5 errors=0 bytes=500 event=AAA/spot
synthetic: requests=6 errors=0 bytes=600 event=BBB/spot
synthetic: requests=7 errors=0 bytes=700 event=AAA/perp
synthetic: requests=8 errors=0 bytes=800 event=BBB/perp
synthetic: requests=9 errors=0 bytes=900 event=AAA/spot
synthetic: requests=10 errors=0 bytes=1000 event=BBB/spot
test_completion_waits_until_window_end (trading_mvp.tests.test_premarket_depth_coordinator.CoordinatorTests.test_completion_waits_until_window_end) ... ok
test_current_guard_cannot_authorize_collection (trading_mvp.tests.test_premarket_depth_coordinator.CoordinatorTests.test_current_guard_cannot_authorize_collection) ... ok
test_duplicate_and_over_capacity_batch_reject_before_claim (trading_mvp.tests.test_premarket_depth_coordinator.CoordinatorTests.test_duplicate_and_over_capacity_batch_reject_before_claim) ... ok
test_existing_claim_no_output_or_network (trading_mvp.tests.test_premarket_depth_coordinator.CoordinatorTests.test_existing_claim_no_output_or_network) ... ok
test_guard_failure_before_claim_or_output (trading_mvp.tests.test_premarket_depth_coordinator.CoordinatorTests.test_guard_failure_before_claim_or_output) ... ok
test_namespace_race_preserves_foreign_result (trading_mvp.tests.test_premarket_depth_coordinator.CoordinatorTests.test_namespace_race_preserves_foreign_result) ... ok
test_output_cap_reserves_terminal_record (trading_mvp.tests.test_premarket_depth_coordinator.CoordinatorTests.test_output_cap_reserves_terminal_record) ... ok
test_oversize_response_is_incomplete (trading_mvp.tests.test_premarket_depth_coordinator.CoordinatorTests.test_oversize_response_is_incomplete) ... ok
test_ownership_loss_does_not_release_foreign_claim (trading_mvp.tests.test_premarket_depth_coordinator.CoordinatorTests.test_ownership_loss_does_not_release_foreign_claim) ... ok
synthetic: requests=1 errors=1 bytes=0 event=AAA/perp
synthetic: requests=2 errors=2 bytes=0 event=BBB/perp
synthetic: requests=3 errors=3 bytes=0 event=AAA/perp
synthetic: requests=4 errors=4 bytes=0 event=BBB/perp
synthetic: requests=5 errors=5 bytes=0 event=AAA/spot
synthetic: requests=6 errors=6 bytes=0 event=BBB/spot
synthetic: requests=7 errors=7 bytes=0 event=AAA/perp
synthetic: requests=8 errors=8 bytes=0 event=BBB/perp
synthetic: requests=9 errors=9 bytes=0 event=AAA/spot
synthetic: requests=10 errors=10 bytes=0 event=BBB/spot
test_request_error_not_retried_same_slot (trading_mvp.tests.test_premarket_depth_coordinator.CoordinatorTests.test_request_error_not_retried_same_slot) ... ok
synthetic: requests=1 errors=0 bytes=100 event=AAA/perp
synthetic: requests=2 errors=0 bytes=200 event=BBB/perp
test_runtime_deadline_stops_more_requests (trading_mvp.tests.test_premarket_depth_coordinator.CoordinatorTests.test_runtime_deadline_stops_more_requests) ... ok
synthetic: requests=1 errors=1 bytes=100 event=AAA/perp
synthetic: requests=2 errors=2 bytes=200 event=AAA/perp
synthetic: requests=3 errors=3 bytes=300 event=AAA/perp
test_slow_requests_disclose_missed_slots_no_catchup_burst (trading_mvp.tests.test_premarket_depth_coordinator.CoordinatorTests.test_slow_requests_disclose_missed_slots_no_catchup_burst) ... ok
test_stop_already_present_blocks_without_output (trading_mvp.tests.test_premarket_depth_coordinator.CoordinatorTests.test_stop_already_present_blocks_without_output) ... ok
synthetic: requests=1 errors=0 bytes=100 event=AAA/perp
synthetic: requests=2 errors=0 bytes=200 event=BBB/perp
test_stop_at_end_of_wait_never_sends_request (trading_mvp.tests.test_premarket_depth_coordinator.CoordinatorTests.test_stop_at_end_of_wait_never_sends_request) ... ok
synthetic: requests=1 errors=0 bytes=100 event=AAA/perp
test_stop_preserves_partial_without_retry (trading_mvp.tests.test_premarket_depth_coordinator.CoordinatorTests.test_stop_preserves_partial_without_retry) ... ok
synthetic: requests=1 errors=0 bytes=100 event=AAA/perp
synthetic: requests=2 errors=0 bytes=200 event=BBB/perp
synthetic: requests=3 errors=0 bytes=300 event=AAA/perp
test_total_request_cap (trading_mvp.tests.test_premarket_depth_coordinator.CoordinatorTests.test_total_request_cap) ... ok
synthetic: requests=1 errors=0 bytes=100 event=AAA/perp
synthetic: requests=2 errors=0 bytes=200 event=BBB/perp
synthetic: requests=3 errors=0 bytes=300 event=AAA/perp
synthetic: requests=4 errors=0 bytes=400 event=BBB/perp
synthetic: requests=5 errors=0 bytes=500 event=AAA/spot
synthetic: requests=6 errors=0 bytes=600 event=BBB/spot
synthetic: requests=7 errors=0 bytes=700 event=AAA/perp
synthetic: requests=8 errors=0 bytes=800 event=BBB/perp
synthetic: requests=9 errors=0 bytes=900 event=AAA/spot
synthetic: requests=10 errors=0 bytes=1000 event=BBB/spot
test_two_events_one_pid_serial_and_no_preopen_spot (trading_mvp.tests.test_premarket_depth_coordinator.CoordinatorTests.test_two_events_one_pid_serial_and_no_preopen_spot) ... ok
test_failed_freeze_leaves_no_empty_manifest (trading_mvp.tests.test_premarket_depth_coordinator.TransportAndLauncherTests.test_failed_freeze_leaves_no_empty_manifest) ... ok
test_freeze_does_not_share_mutable_budget (trading_mvp.tests.test_premarket_depth_coordinator.TransportAndLauncherTests.test_freeze_does_not_share_mutable_budget) ... ok
test_fresh_authorized_guard_and_quota_boundaries (trading_mvp.tests.test_premarket_depth_coordinator.TransportAndLauncherTests.test_fresh_authorized_guard_and_quota_boundaries) ... ok
test_launcher_control_publication_is_atomic_and_no_clobber (trading_mvp.tests.test_premarket_depth_coordinator.TransportAndLauncherTests.test_launcher_control_publication_is_atomic_and_no_clobber) ... ok
test_launcher_is_visible_and_has_bounded_watchdog (trading_mvp.tests.test_premarket_depth_coordinator.TransportAndLauncherTests.test_launcher_is_visible_and_has_bounded_watchdog) ... ok
test_legacy_installer_blocked_without_scheduler_or_network (trading_mvp.tests.test_premarket_depth_coordinator.TransportAndLauncherTests.test_legacy_installer_blocked_without_scheduler_or_network) ... ok
test_offline_manifest_blocks_without_creating_output (trading_mvp.tests.test_premarket_depth_coordinator.TransportAndLauncherTests.test_offline_manifest_blocks_without_creating_output) ... ok
test_redirects_forbidden (trading_mvp.tests.test_premarket_depth_coordinator.TransportAndLauncherTests.test_redirects_forbidden) ... ok
test_runtime_manifest_byte_change_rejected (trading_mvp.tests.test_premarket_depth_coordinator.TransportAndLauncherTests.test_runtime_manifest_byte_change_rejected) ... ok
test_transport_declared_oversize_reads_no_body (trading_mvp.tests.test_premarket_depth_coordinator.TransportAndLauncherTests.test_transport_declared_oversize_reads_no_body) ... ok
test_transport_incomplete_read_reports_exact_bytes (trading_mvp.tests.test_premarket_depth_coordinator.TransportAndLauncherTests.test_transport_incomplete_read_reports_exact_bytes) ... ok
test_transport_success_uses_frozen_summary_without_raw_body (trading_mvp.tests.test_premarket_depth_coordinator.TransportAndLauncherTests.test_transport_success_uses_frozen_summary_without_raw_body) ... ok
test_atomic_claim_records_writer_and_release_validates_expected_plan_identity (trading_mvp.tests.test_global_market_writer_claim.GlobalMarketWriterClaimTests.test_atomic_claim_records_writer_and_release_validates_expected_plan_identity) ... ok
test_claim_is_atomic_and_second_writer_is_rejected (trading_mvp.tests.test_global_market_writer_claim.GlobalMarketWriterClaimTests.test_claim_is_atomic_and_second_writer_is_rejected) ... ok
test_claim_transactions_fail_closed_while_interprocess_lock_is_held (trading_mvp.tests.test_global_market_writer_claim.GlobalMarketWriterClaimTests.test_claim_transactions_fail_closed_while_interprocess_lock_is_held) ... C:\Program Files\Python313\Lib\unittest\case.py:606: ResourceWarning: unclosed file <_io.TextIOWrapper name=3 encoding='utf-8'>
  if method() is not None:
ResourceWarning: Enable tracemalloc to get the object allocation traceback
C:\Program Files\Python313\Lib\unittest\case.py:606: ResourceWarning: unclosed file <_io.TextIOWrapper name=4 encoding='utf-8'>
  if method() is not None:
ResourceWarning: Enable tracemalloc to get the object allocation traceback
ok
test_concurrent_processes_allow_exactly_one_writer_claim (trading_mvp.tests.test_global_market_writer_claim.GlobalMarketWriterClaimTests.test_concurrent_processes_allow_exactly_one_writer_claim) ... ok
test_invalid_worker_handoff_preserves_receipt_claim_and_archive (trading_mvp.tests.test_global_market_writer_claim.GlobalMarketWriterClaimTests.test_invalid_worker_handoff_preserves_receipt_claim_and_archive) ... ok
test_only_exact_owner_can_attach_or_release (trading_mvp.tests.test_global_market_writer_claim.GlobalMarketWriterClaimTests.test_only_exact_owner_can_attach_or_release) ... ok
test_pit_countdown_uses_shared_claim_without_mutating_sealed_wrapper (trading_mvp.tests.test_global_market_writer_claim.GlobalMarketWriterClaimTests.test_pit_countdown_uses_shared_claim_without_mutating_sealed_wrapper) ... ok
test_recover_stale_absent_claim_is_read_only (trading_mvp.tests.test_global_market_writer_claim.GlobalMarketWriterClaimTests.test_recover_stale_absent_claim_is_read_only) ... ok
test_recover_stale_archives_dead_and_reused_claimed_evidence (trading_mvp.tests.test_global_market_writer_claim.GlobalMarketWriterClaimTests.test_recover_stale_archives_dead_and_reused_claimed_evidence) ... ok
test_recover_stale_blocks_claim_changed_between_double_reads (trading_mvp.tests.test_global_market_writer_claim.GlobalMarketWriterClaimTests.test_recover_stale_blocks_claim_changed_between_double_reads) ... ok
test_recover_stale_blocks_corrupt_schema_pid_and_start_identity (trading_mvp.tests.test_global_market_writer_claim.GlobalMarketWriterClaimTests.test_recover_stale_blocks_corrupt_schema_pid_and_start_identity) ... ok
test_recover_stale_cli_emits_machine_readable_evidence (trading_mvp.tests.test_global_market_writer_claim.GlobalMarketWriterClaimTests.test_recover_stale_cli_emits_machine_readable_evidence) ... ok
test_recover_stale_preserves_live_exact_identity (trading_mvp.tests.test_global_market_writer_claim.GlobalMarketWriterClaimTests.test_recover_stale_preserves_live_exact_identity) ... ok
test_recover_stale_preserves_live_missing_identity (trading_mvp.tests.test_global_market_writer_claim.GlobalMarketWriterClaimTests.test_recover_stale_preserves_live_missing_identity) ... ok
test_release_metadata_rewrite_preserves_substituted_active_claim (trading_mvp.tests.test_global_market_writer_claim.GlobalMarketWriterClaimTests.test_release_metadata_rewrite_preserves_substituted_active_claim) ... ok
test_release_moves_claim_before_best_effort_metadata_rewrite (trading_mvp.tests.test_global_market_writer_claim.GlobalMarketWriterClaimTests.test_release_moves_claim_before_best_effort_metadata_rewrite) ... ok
test_spot_worker_handoff_binds_the_future_claim_token_and_namespace (trading_mvp.tests.test_global_market_writer_claim.GlobalMarketWriterClaimTests.test_spot_worker_handoff_binds_the_future_claim_token_and_namespace) ... ok
test_stale_claim_is_never_auto_reclaimed (trading_mvp.tests.test_global_market_writer_claim.GlobalMarketWriterClaimTests.test_stale_claim_is_never_auto_reclaimed) ... ok
test_worker_handoff_is_bound_to_live_claim_and_consumed_once (trading_mvp.tests.test_global_market_writer_claim.GlobalMarketWriterClaimTests.test_worker_handoff_is_bound_to_live_claim_and_consumed_once) ... ok
test_changed_code_rejected (trading_mvp.tests.test_premarket_depth_sampling_protocol.ProtocolBindingTests.test_changed_code_rejected) ... ok
{"status": "BLOCKED", "reason": "[Errno 2] No such file or directory: 'C:\\\\Users\\\\koval\\\\AppData\\\\Local\\\\Temp\\\\tmpn2rvvo__\\\\docs\\\\plans\\\\premarket-forward-depth-planonly-20260902-v6.json'"}
Audited gate:A:0: timing/flags only
test_end_to_end_without_network (trading_mvp.tests.test_premarket_depth_sampling_protocol.ProtocolBindingTests.test_end_to_end_without_network) ... ok
test_extra_capture_rejected (trading_mvp.tests.test_premarket_depth_sampling_protocol.ProtocolBindingTests.test_extra_capture_rejected) ... ok
test_frozen_protocol_validates (trading_mvp.tests.test_premarket_depth_sampling_protocol.ProtocolBindingTests.test_frozen_protocol_validates) ... ok
test_no_overwrite_of_artifact (trading_mvp.tests.test_premarket_depth_sampling_protocol.ProtocolBindingTests.test_no_overwrite_of_artifact) ... ok
test_rehashed_authorization_change_rejected (trading_mvp.tests.test_premarket_depth_sampling_protocol.ProtocolBindingTests.test_rehashed_authorization_change_rejected) ... ok
test_rehashed_input_manifest_change_rejected (trading_mvp.tests.test_premarket_depth_sampling_protocol.ProtocolBindingTests.test_rehashed_input_manifest_change_rejected) ... ok
test_rehashed_rules_change_rejected (trading_mvp.tests.test_premarket_depth_sampling_protocol.ProtocolBindingTests.test_rehashed_rules_change_rejected) ... ok
test_same_count_source_change_rejected (trading_mvp.tests.test_premarket_depth_sampling_protocol.ProtocolBindingTests.test_same_count_source_change_rejected) ... ok
test_ask_control_is_not_replaced_by_bid_availability (trading_mvp.tests.test_premarket_depth_sampling_protocol.SamplingProtocolTests.test_ask_control_is_not_replaced_by_bid_availability) ... ok
test_duplicate_attempts_do_not_inflate_coverage (trading_mvp.tests.test_premarket_depth_sampling_protocol.SamplingProtocolTests.test_duplicate_attempts_do_not_inflate_coverage) ... ok
test_errors_and_unusable_are_separate_from_no_attempt (trading_mvp.tests.test_premarket_depth_sampling_protocol.SamplingProtocolTests.test_errors_and_unusable_are_separate_from_no_attempt) ... ok
test_exactly_third_is_not_over_third (trading_mvp.tests.test_premarket_depth_sampling_protocol.SamplingProtocolTests.test_exactly_third_is_not_over_third) ... ok
test_invalid_dependency_windows_rejected (trading_mvp.tests.test_premarket_depth_sampling_protocol.SamplingProtocolTests.test_invalid_dependency_windows_rejected) ... ok
test_invalid_grid_arguments_rejected (trading_mvp.tests.test_premarket_depth_sampling_protocol.SamplingProtocolTests.test_invalid_grid_arguments_rejected) ... ok
test_missing_is_never_imputed_zero (trading_mvp.tests.test_premarket_depth_sampling_protocol.SamplingProtocolTests.test_missing_is_never_imputed_zero) ... ok
test_over_third_uses_one_route_for_entire_leg (trading_mvp.tests.test_premarket_depth_sampling_protocol.SamplingProtocolTests.test_over_third_uses_one_route_for_entire_leg) ... ok
test_partial_boundary_slot_is_disclosed_not_counted_full (trading_mvp.tests.test_premarket_depth_sampling_protocol.SamplingProtocolTests.test_partial_boundary_slot_is_disclosed_not_counted_full) ... ok
test_raw_prices_or_returns_do_not_enter_output (trading_mvp.tests.test_premarket_depth_sampling_protocol.SamplingProtocolTests.test_raw_prices_or_returns_do_not_enter_output) ... ok
test_same_base_across_venues_not_independent (trading_mvp.tests.test_premarket_depth_sampling_protocol.SamplingProtocolTests.test_same_base_across_venues_not_independent) ... ok
test_spot_has_no_preopen_missing_slots (trading_mvp.tests.test_premarket_depth_sampling_protocol.SamplingProtocolTests.test_spot_has_no_preopen_missing_slots) ... ok
test_time_clusters_are_transitive (trading_mvp.tests.test_premarket_depth_sampling_protocol.SamplingProtocolTests.test_time_clusters_are_transitive) ... ok
test_touching_windows_do_not_overlap (trading_mvp.tests.test_premarket_depth_sampling_protocol.SamplingProtocolTests.test_touching_windows_do_not_overlap) ... ok
test_unknown_flag_does_not_become_false (trading_mvp.tests.test_premarket_depth_sampling_protocol.SamplingProtocolTests.test_unknown_flag_does_not_become_false) ... ok
test_contract_multiplier_not_ignored (trading_mvp.tests.test_premarket_forward_depth_quality.QualityTests.test_contract_multiplier_not_ignored) ... ok
test_duplicate_header_rejected (trading_mvp.tests.test_premarket_forward_depth_quality.QualityTests.test_duplicate_header_rejected) ... ok
test_early_footer_rejected (trading_mvp.tests.test_premarket_forward_depth_quality.QualityTests.test_early_footer_rejected) ... ok
test_footer_counts_verified (trading_mvp.tests.test_premarket_forward_depth_quality.QualityTests.test_footer_counts_verified) ... ok
test_historical_plan_not_pooled (trading_mvp.tests.test_premarket_forward_depth_quality.QualityTests.test_historical_plan_not_pooled) ... ok
test_late_footer_does_not_certify_truncated_window (trading_mvp.tests.test_premarket_forward_depth_quality.QualityTests.test_late_footer_does_not_certify_truncated_window) ... ok
test_new_t0_supersedes_old_never_double_counts (trading_mvp.tests.test_premarket_forward_depth_quality.QualityTests.test_new_t0_supersedes_old_never_double_counts) ... ok
test_partial_stopped_run_is_not_usable (trading_mvp.tests.test_premarket_forward_depth_quality.QualityTests.test_partial_stopped_run_is_not_usable) ... ok
test_reversed_time_rejected (trading_mvp.tests.test_premarket_forward_depth_quality.QualityTests.test_reversed_time_rejected) ... ok
test_same_count_changed_bytes_changes_binding (trading_mvp.tests.test_premarket_forward_depth_quality.QualityTests.test_same_count_changed_bytes_changes_binding) ... ok
test_short_pre_window_excluded (trading_mvp.tests.test_premarket_forward_depth_quality.QualityTests.test_short_pre_window_excluded) ... ok
test_spoofed_anchor_rejected (trading_mvp.tests.test_premarket_forward_depth_quality.QualityTests.test_spoofed_anchor_rejected) ... ok
test_strict_json (trading_mvp.tests.test_premarket_forward_depth_quality.QualityTests.test_strict_json) ... ok
test_top25_recomputed_not_trusted (trading_mvp.tests.test_premarket_forward_depth_quality.QualityTests.test_top25_recomputed_not_trusted) ... ok
test_valid_is_only_structural_candidate (trading_mvp.tests.test_premarket_forward_depth_quality.QualityTests.test_valid_is_only_structural_candidate) ... ok
test_wrong_plan_hash_rejected (trading_mvp.tests.test_premarket_forward_depth_quality.QualityTests.test_wrong_plan_hash_rejected) ... ok
test_changed_code_binding_blocks (trading_mvp.tests.test_research_checkpoint.CheckpointTests.test_changed_code_binding_blocks) ... ok
test_external_listing_files_are_not_dependencies (trading_mvp.tests.test_research_checkpoint.CheckpointTests.test_external_listing_files_are_not_dependencies) ... ok
test_incomplete_gate_does_not_consume (trading_mvp.tests.test_research_checkpoint.CheckpointTests.test_incomplete_gate_does_not_consume) ... ok
test_new_capture_invalidates_inventory (trading_mvp.tests.test_research_checkpoint.CheckpointTests.test_new_capture_invalidates_inventory) ... ok
test_paused_schedule_must_remain_paused (trading_mvp.tests.test_research_checkpoint.CheckpointTests.test_paused_schedule_must_remain_paused) ... ok
test_permission_escalation_blocks (trading_mvp.tests.test_research_checkpoint.CheckpointTests.test_permission_escalation_blocks) ... ok
test_pointer_hash_mismatch_blocks (trading_mvp.tests.test_research_checkpoint.CheckpointTests.test_pointer_hash_mismatch_blocks) ... ok
test_quota_wins (trading_mvp.tests.test_research_checkpoint.CheckpointTests.test_quota_wins) ... ok
test_running_gate_wins (trading_mvp.tests.test_research_checkpoint.CheckpointTests.test_running_gate_wins) ... ok
test_same_count_source_change_invalidates (trading_mvp.tests.test_research_checkpoint.CheckpointTests.test_same_count_source_change_invalidates) ... ok
test_unavailable_telemetry_wins (trading_mvp.tests.test_research_checkpoint.CheckpointTests.test_unavailable_telemetry_wins) ... ok
test_unknown_gate_stays_closed (trading_mvp.tests.test_research_checkpoint.CheckpointTests.test_unknown_gate_stays_closed) ... ok
test_valid_checkpoint_does_not_launch (trading_mvp.tests.test_research_checkpoint.CheckpointTests.test_valid_checkpoint_does_not_launch) ... ok
test_writer_claim_blocks_even_when_gate_ready (trading_mvp.tests.test_research_checkpoint.CheckpointTests.test_writer_claim_blocks_even_when_gate_ready) ... ok
test_wrong_policy_binding_blocks (trading_mvp.tests.test_research_checkpoint.CheckpointTests.test_wrong_policy_binding_blocks) ... ok
test_quota_pause_wins_over_running_gate (trading_mvp.tests.test_research_checkpoint.ControllerSmokeTests.test_quota_pause_wins_over_running_gate) ... ok
test_writer_start_between_guard_and_gate_blocks (trading_mvp.tests.test_research_checkpoint.ControllerSmokeTests.test_writer_start_between_guard_and_gate_blocks) ... ok

----------------------------------------------------------------------
Ran 136 tests in 17.140s

OK
OFFLINE_DISPATCH_FROZEN
OFFLINE_INTEGRATION_VERIFIED_PILOT_NOT_READY
